// Jest Snapshot v1, https://goo.gl/fbAQLP

exports[`hast-util-to-babel-ast should correctly transform svg 1`] = `
"<svg width=\\"88px\\" height=\\"88px\\" viewBox=\\"0 0 88 88\\" version={1.1} xmlns=\\"http://www.w3.org/2000/svg\\" xmlnsXlink=\\"http://www.w3.org/1999/xlink\\">{
    /* Generator: Sketch 46.2 (44496) - http://www.bohemiancoding.com/sketch */
  }<title>{\\"Dismiss\\"}</title><desc>{\\"Created with Sketch.\\"}</desc><defs /><g id=\\"Blocks\\" stroke=\\"none\\" strokeWidth={1} fill=\\"none\\" fillRule=\\"evenodd\\" strokeLinecap=\\"square\\"><g id=\\"Dismiss\\" stroke=\\"#063855\\" strokeWidth={2}><path d=\\"M51,37 L37,51\\" id=\\"Shape\\" /><path d=\\"M51,51 L37,37\\" id=\\"Shape\\" /></g></g></svg>;"
`;
